$ sudo mkfs -t ext3 /dev/loop1
mke2fs 1.41.9 (22-Aug-2009)
Filesystem label=
OS type: Linux
Block size=4096 (log=2)
Fragment size=4096 (log=2)
65536 inodes, 262136 blocks
13106 blocks (5.00%) reserved for the super user
First data block=0
Maximum filesystem blocks=268435456
8 block groups
32768 blocks per group, 32768 fragments per group
8192 inodes per group
Superblock backups stored on blocks:
32768, 98304, 163840, 229376

Writing inode tables: done
Creating journal (4096 blocks): done
Writing superblocks and filesystem accounting information: done

This filesystem will be automatically checked every 25 mounts or
180 days, whichever comes first.  Use tune2fs -c or -i to override.

$ sudo losetup -d /dev/loop1

$ sudo losetup -d /dev/loop0

$ mkdir partition1

$ sudo mount -t ext3 -o loop,offset=32256 disk1.raw partition1/

$ mount | grep partition1
/dev/loop0 on /home/tim/images/partition1 type ext3 (rw,offset=32256)

$ df -h partition1/
Filesystem            Size  Used Avail Use% Mounted on
/dev/loop0           1008M   18M  940M   2% /home/tim/images/partition1